{
  "projectPath": ":",
  "ownershipVerificationEnabled": true,
  "valid": true,
  "errors": [],
  "configurations": [
    {
      "path": "OWNERSHIP.toml",
      "configuration": {
        "custom": {
          "owners": [
            [
              "*.js",
              "@js-owner"
            ],
            [
              "*.go",
              "docs@example.com"
            ]
          ]
        },
        "owner": {
          "group": "secretGroupRoot",
          "user": "secretUserRoot"
        },
        "version": 1
      }
    }
  ]
}