{
  "projectPath": ":",
  "ownershipVerificationEnabled": true,
  "valid": true,
  "errors": [],
  "configurations": []
}