{
  "projectPath": ":",
  "ownershipVerificationEnabled": true,
  "valid": true,
  "errors": [],
  "configurations": [
    {
      "path": "OWNERSHIP.toml",
      "configuration": {
        "owner": {
          "user": "projectRootOwner"
        },
        "version": 1
      }
    },
    {
      "path": "src/OWNERSHIP.toml",
      "configuration": {
        "owner": {
          "user": "srcOwner"
        },
        "version": 1
      }
    }
  ]
}