{
  "projectPath": ":one",
  "ownershipVerificationEnabled": true,
  "valid": true,
  "errors": [],
  "configurations": [
    {
      "path": "one/OWNERSHIP.toml",
      "configuration": {
        "owner": {
          "group": "secretGroupOne",
          "user": "secretUserOne"
        },
        "version": 1
      }
    }
  ]
}