{
  "configurations": [
    {
      "configuration": {},
      "path": "OWNERSHIP.toml"
    }
  ],
  "errors": [],
  "ownershipVerificationEnabled": true,
  "projectPath": ":",
  "valid": true
}