{"projectPath":":","ownershipVerificationEnabled":true,"valid":true,"errors":[],"configuration":{"owner":{"group":"secretGroup","user":"secretUser"},"version":1}}