{"projectPath":":two","ownershipVerificationEnabled":true,"valid":true,"errors":[],"configuration":{"owner":{"group":"secretGroupTwo","user":"secretUserTwo"},"version":1}}